
Memory Configuration

Name             Origin             Length             Attributes
*default*        0x0000000000000000 0xffffffffffffffff

Linker script and memory map

                0x0000000000000000                . = 0x0

.reset          0x0000000000000000       0x60
 *(.reset)
 .reset         0x0000000000000000       0x30 kernel.o
 .reset         0x0000000000000030       0x30 kernel.o
                0x0000000000008000                . = 0x8000

.text           0x0000000000008000      0x93c
 *(.text)
 .text          0x0000000000008000      0x20c kernel.o
 .text          0x000000000000820c      0x1d0 sched.o
                0x000000000000820c                ageAllThreads
                0x0000000000008224                thread_scheduler
                0x00000000000082a8                update_executed_thread
                0x0000000000008340                schedule_mfqs
                0x00000000000083b0                yield
                0x00000000000083c4                getpid
 .text          0x00000000000083dc       0x70 main.o
                0x00000000000083dc                main
                0x0000000000008414                main2
 .text          0x000000000000844c      0x2e4 queue.o
                0x000000000000844c                isEmpty
                0x0000000000008498                isFull
                0x0000000000008508                enqueue
                0x00000000000085d0                dequeue
                0x0000000000008698                front
                0x00000000000086e4                rear
 .text          0x0000000000008730      0x20c kernel.o

.glue_7         0x000000000000893c        0x0
 .glue_7        0x000000000000893c        0x0 linker stubs

.glue_7t        0x000000000000893c        0x0
 .glue_7t       0x000000000000893c        0x0 linker stubs

.vfp11_veneer   0x000000000000893c        0x0
 .vfp11_veneer  0x000000000000893c        0x0 linker stubs

.v4_bx          0x000000000000893c        0x0
 .v4_bx         0x000000000000893c        0x0 linker stubs

.iplt           0x000000000000893c        0x0
 .iplt          0x000000000000893c        0x0 kernel.o

.rel.dyn        0x000000000000893c        0x0
 .rel.iplt      0x000000000000893c        0x0 kernel.o

.data           0x000000000000893c      0x190
 *(.data)
 .data          0x000000000000893c        0x0 kernel.o
 .data          0x000000000000893c      0x190 sched.o
                0x000000000000893c                tcb_array
                0x0000000000008a2c                curr_tcb
                0x0000000000008a30                queue0
                0x0000000000008a60                queue1
                0x0000000000008a90                queue2
                0x0000000000008ac0                multilevel_queue
 .data          0x0000000000008acc        0x0 main.o
 .data          0x0000000000008acc        0x0 queue.o
 .data          0x0000000000008acc        0x0 kernel.o
                0x0000000000008acc                inicio_bss = .

.igot.plt       0x0000000000008acc        0x0
 .igot.plt      0x0000000000008acc        0x0 kernel.o

.bss            0x0000000000008acc        0x4
 *(.bss)
 .bss           0x0000000000008acc        0x0 kernel.o
 .bss           0x0000000000008acc        0x4 sched.o
                0x0000000000008acc                tid
 .bss           0x0000000000008ad0        0x0 main.o
 .bss           0x0000000000008ad0        0x0 queue.o
 .bss           0x0000000000008ad0        0x0 kernel.o
                0x0000000000008ad0                . = ALIGN (0x4)
                0x0000000000008ad0                fim_bss = .
                0x0000000000008ad0                heap_start = .
                0x0000000000009ad0                . = (. + 0x1000)
                0x0000000000009ad0                . = ALIGN (0x8)
                0x0000000000009ad0                stack_usr1 = .
                0x000000000000aad0                . = (. + 0x1000)
                0x000000000000aad0                . = ALIGN (0x8)
                0x000000000000aad0                stack_usr2 = .
                0x000000000000bad0                . = (. + 0x1000)
                0x000000000000bad0                . = ALIGN (0x8)
                0x000000000000bad0                stack_irq = .
                0x000000000000cad0                . = (. + 0x1000)
                0x000000000000cad0                . = ALIGN (0x8)
                0x000000000000cad0                stack_svr = .
LOAD kernel.o
LOAD sched.o
LOAD main.o
LOAD queue.o
LOAD kernel.o
OUTPUT(kernel.elf elf32-littlearm)
LOAD linker stubs

.ARM.attributes
                0x0000000000000000       0x2b
 .ARM.attributes
                0x0000000000000000       0x16 kernel.o
 .ARM.attributes
                0x0000000000000016       0x2a sched.o
 .ARM.attributes
                0x0000000000000040       0x2a main.o
 .ARM.attributes
                0x000000000000006a       0x2a queue.o
 .ARM.attributes
                0x0000000000000094       0x16 kernel.o

.comment        0x0000000000000000       0x33
 .comment       0x0000000000000000       0x33 sched.o
                                         0x34 (size before relaxing)
 .comment       0x0000000000000033       0x34 main.o
 .comment       0x0000000000000033       0x34 queue.o

.debug_line     0x0000000000000000      0x436
 .debug_line    0x0000000000000000       0xd9 kernel.o
 .debug_line    0x00000000000000d9      0x10d sched.o
 .debug_line    0x00000000000001e6       0x69 main.o
 .debug_line    0x000000000000024f      0x10e queue.o
 .debug_line    0x000000000000035d       0xd9 kernel.o

.debug_info     0x0000000000000000      0x60f
 .debug_info    0x0000000000000000       0x22 kernel.o
 .debug_info    0x0000000000000022      0x33e sched.o
 .debug_info    0x0000000000000360       0xb8 main.o
 .debug_info    0x0000000000000418      0x1d5 queue.o
 .debug_info    0x00000000000005ed       0x22 kernel.o

.debug_abbrev   0x0000000000000000      0x318
 .debug_abbrev  0x0000000000000000       0x12 kernel.o
 .debug_abbrev  0x0000000000000012      0x191 sched.o
 .debug_abbrev  0x00000000000001a3       0x75 main.o
 .debug_abbrev  0x0000000000000218       0xee queue.o
 .debug_abbrev  0x0000000000000306       0x12 kernel.o

.debug_aranges  0x0000000000000000       0xb0
 .debug_aranges
                0x0000000000000000       0x28 kernel.o
 .debug_aranges
                0x0000000000000028       0x20 sched.o
 .debug_aranges
                0x0000000000000048       0x20 main.o
 .debug_aranges
                0x0000000000000068       0x20 queue.o
 .debug_aranges
                0x0000000000000088       0x28 kernel.o

.debug_str      0x0000000000000000      0x283
 .debug_str     0x0000000000000000       0x53 kernel.o
 .debug_str     0x0000000000000053      0x1f2 sched.o
                                        0x264 (size before relaxing)
 .debug_str     0x0000000000000245       0x12 main.o
                                        0x12d (size before relaxing)
 .debug_str     0x0000000000000257       0x2c queue.o
                                        0x163 (size before relaxing)
 .debug_str     0x0000000000000283       0x53 kernel.o

.debug_ranges   0x0000000000000000       0x40
 .debug_ranges  0x0000000000000000       0x20 kernel.o
 .debug_ranges  0x0000000000000020       0x20 kernel.o

.debug_frame    0x0000000000000000      0x1f0
 .debug_frame   0x0000000000000000       0xc0 sched.o
 .debug_frame   0x00000000000000c0       0x48 main.o
 .debug_frame   0x0000000000000108       0xe8 queue.o
