
Memory Configuration

Name             Origin             Length             Attributes
*default*        0x0000000000000000 0xffffffffffffffff

Linker script and memory map

                0x0000000000000000                . = 0x0

.reset          0x0000000000000000       0x30
 *(.reset)
 .reset         0x0000000000000000       0x30 kernel.o
                0x0000000000008000                . = 0x8000

.text           0x0000000000008000      0x52c
 *(.text)
 .text          0x0000000000008000      0x21c kernel.o
 .text          0x000000000000821c       0x98 sched.o
                0x000000000000821c                yield
                0x0000000000008230                getpid
                0x0000000000008248                schedule
 .text          0x00000000000082b4       0x48 main.o
                0x00000000000082b4                main
                0x00000000000082d8                main2
 .text          0x00000000000082fc      0x230 iomanager.o
                0x00000000000082fc                setupLeds
                0x00000000000083bc                changeGreenLedState
                0x0000000000008418                changeYellowLedState
                0x0000000000008474                setDisplay
                0x00000000000084e8                clearDisplay

.rodata         0x000000000000852c       0x80
 .rodata        0x000000000000852c       0x40 main.o
 .rodata        0x000000000000856c       0x40 iomanager.o

.glue_7         0x00000000000085ac        0x0
 .glue_7        0x00000000000085ac        0x0 linker stubs

.glue_7t        0x00000000000085ac        0x0
 .glue_7t       0x00000000000085ac        0x0 linker stubs

.vfp11_veneer   0x00000000000085ac        0x0
 .vfp11_veneer  0x00000000000085ac        0x0 linker stubs

.v4_bx          0x00000000000085ac        0x0
 .v4_bx         0x00000000000085ac        0x0 linker stubs

.iplt           0x00000000000085ac        0x0
 .iplt          0x00000000000085ac        0x0 kernel.o

.rel.dyn        0x00000000000085ac        0x0
 .rel.iplt      0x00000000000085ac        0x0 kernel.o

.data           0x00000000000085ac       0x8c
 *(.data)
 .data          0x00000000000085ac        0x0 kernel.o
 .data          0x00000000000085ac       0x8c sched.o
                0x00000000000085ac                tcb
                0x0000000000008634                curr_tcb
 .data          0x0000000000008638        0x0 main.o
 .data          0x0000000000008638        0x0 iomanager.o
                0x0000000000008638                inicio_bss = .

.igot.plt       0x0000000000008638        0x0
 .igot.plt      0x0000000000008638        0x0 kernel.o

.bss            0x0000000000008638        0x4
 *(.bss)
 .bss           0x0000000000008638        0x0 kernel.o
 .bss           0x0000000000008638        0x4 sched.o
                0x0000000000008638                tid
 .bss           0x000000000000863c        0x0 main.o
 .bss           0x000000000000863c        0x0 iomanager.o
                0x000000000000863c                . = ALIGN (0x4)
                0x000000000000863c                fim_bss = .
                0x000000000000863c                heap_start = .
                0x000000000000963c                . = (. + 0x1000)
                0x0000000000009640                . = ALIGN (0x8)
                0x0000000000009640                stack_usr1 = .
                0x000000000000a640                . = (. + 0x1000)
                0x000000000000a640                . = ALIGN (0x8)
                0x000000000000a640                stack_usr2 = .
                0x000000000000b640                . = (. + 0x1000)
                0x000000000000b640                . = ALIGN (0x8)
                0x000000000000b640                stack_irq = .
                0x000000000000c640                . = (. + 0x1000)
                0x000000000000c640                . = ALIGN (0x8)
                0x000000000000c640                stack_svr = .
LOAD kernel.o
LOAD sched.o
LOAD main.o
LOAD iomanager.o
OUTPUT(kernel.elf elf32-littlearm)
LOAD linker stubs

.ARM.attributes
                0x0000000000000000       0x2b
 .ARM.attributes
                0x0000000000000000       0x16 kernel.o
 .ARM.attributes
                0x0000000000000016       0x2a sched.o
 .ARM.attributes
                0x0000000000000040       0x2a main.o
 .ARM.attributes
                0x000000000000006a       0x2a iomanager.o

.comment        0x0000000000000000       0x33
 .comment       0x0000000000000000       0x33 sched.o
                                         0x34 (size before relaxing)
 .comment       0x0000000000000033       0x34 main.o
 .comment       0x0000000000000033       0x34 iomanager.o

.debug_line     0x0000000000000000      0x2fe
 .debug_line    0x0000000000000000       0xdd kernel.o
 .debug_line    0x00000000000000dd       0x9b sched.o
 .debug_line    0x0000000000000178       0xaa main.o
 .debug_line    0x0000000000000222       0xdc iomanager.o

.debug_info     0x0000000000000000      0x3d9
 .debug_info    0x0000000000000000       0x22 kernel.o
 .debug_info    0x0000000000000022      0x166 sched.o
 .debug_info    0x0000000000000188       0xea main.o
 .debug_info    0x0000000000000272      0x167 iomanager.o

.debug_abbrev   0x0000000000000000      0x27d
 .debug_abbrev  0x0000000000000000       0x12 kernel.o
 .debug_abbrev  0x0000000000000012       0xf4 sched.o
 .debug_abbrev  0x0000000000000106       0xac main.o
 .debug_abbrev  0x00000000000001b2       0xcb iomanager.o

.debug_aranges  0x0000000000000000       0x88
 .debug_aranges
                0x0000000000000000       0x28 kernel.o
 .debug_aranges
                0x0000000000000028       0x20 sched.o
 .debug_aranges
                0x0000000000000048       0x20 main.o
 .debug_aranges
                0x0000000000000068       0x20 iomanager.o

.debug_str      0x0000000000000000      0x1dd
 .debug_str     0x0000000000000000       0x53 kernel.o
 .debug_str     0x0000000000000053      0x102 sched.o
                                        0x174 (size before relaxing)
 .debug_str     0x0000000000000155       0x1b main.o
                                        0x13f (size before relaxing)
 .debug_str     0x0000000000000170       0x6d iomanager.o
                                        0x19a (size before relaxing)

.debug_ranges   0x0000000000000000       0x20
 .debug_ranges  0x0000000000000000       0x20 kernel.o

.debug_frame    0x0000000000000000      0x148
 .debug_frame   0x0000000000000000       0x50 sched.o
 .debug_frame   0x0000000000000050       0x48 main.o
 .debug_frame   0x0000000000000098       0xb0 iomanager.o
